[Foo,0,0] => Foo:	Quality - 0	SellIn--1
[Foo,0,-1] => Foo:	Quality - 0	SellIn--2
[Foo,0,1] => Foo:	Quality - 0	SellIn-0
[Foo,0,5] => Foo:	Quality - 0	SellIn-4
[Foo,0,6] => Foo:	Quality - 0	SellIn-5
[Foo,0,7] => Foo:	Quality - 0	SellIn-6
[Foo,0,10] => Foo:	Quality - 0	SellIn-9
[Foo,0,11] => Foo:	Quality - 0	SellIn-10
[Foo,0,12] => Foo:	Quality - 0	SellIn-11
[Foo,0,-2147483648] => Foo:	Quality - 0	SellIn-2147483647
[Foo,0,2147483647] => Foo:	Quality - 0	SellIn-2147483646
[Foo,-1,0] => Foo:	Quality - -1	SellIn--1
[Foo,-1,-1] => Foo:	Quality - -1	SellIn--2
[Foo,-1,1] => Foo:	Quality - -1	SellIn-0
[Foo,-1,5] => Foo:	Quality - -1	SellIn-4
[Foo,-1,6] => Foo:	Quality - -1	SellIn-5
[Foo,-1,7] => Foo:	Quality - -1	SellIn-6
[Foo,-1,10] => Foo:	Quality - -1	SellIn-9
[Foo,-1,11] => Foo:	Quality - -1	SellIn-10
[Foo,-1,12] => Foo:	Quality - -1	SellIn-11
[Foo,-1,-2147483648] => Foo:	Quality - -1	SellIn-2147483647
[Foo,-1,2147483647] => Foo:	Quality - -1	SellIn-2147483646
[Foo,1,0] => Foo:	Quality - 0	SellIn--1
[Foo,1,-1] => Foo:	Quality - 0	SellIn--2
[Foo,1,1] => Foo:	Quality - 0	SellIn-0
[Foo,1,5] => Foo:	Quality - 0	SellIn-4
[Foo,1,6] => Foo:	Quality - 0	SellIn-5
[Foo,1,7] => Foo:	Quality - 0	SellIn-6
[Foo,1,10] => Foo:	Quality - 0	SellIn-9
[Foo,1,11] => Foo:	Quality - 0	SellIn-10
[Foo,1,12] => Foo:	Quality - 0	SellIn-11
[Foo,1,-2147483648] => Foo:	Quality - 0	SellIn-2147483647
[Foo,1,2147483647] => Foo:	Quality - 0	SellIn-2147483646
[Foo,49,0] => Foo:	Quality - 47	SellIn--1
[Foo,49,-1] => Foo:	Quality - 47	SellIn--2
[Foo,49,1] => Foo:	Quality - 48	SellIn-0
[Foo,49,5] => Foo:	Quality - 48	SellIn-4
[Foo,49,6] => Foo:	Quality - 48	SellIn-5
[Foo,49,7] => Foo:	Quality - 48	SellIn-6
[Foo,49,10] => Foo:	Quality - 48	SellIn-9
[Foo,49,11] => Foo:	Quality - 48	SellIn-10
[Foo,49,12] => Foo:	Quality - 48	SellIn-11
[Foo,49,-2147483648] => Foo:	Quality - 48	SellIn-2147483647
[Foo,49,2147483647] => Foo:	Quality - 48	SellIn-2147483646
[Foo,50,0] => Foo:	Quality - 48	SellIn--1
[Foo,50,-1] => Foo:	Quality - 48	SellIn--2
[Foo,50,1] => Foo:	Quality - 49	SellIn-0
[Foo,50,5] => Foo:	Quality - 49	SellIn-4
[Foo,50,6] => Foo:	Quality - 49	SellIn-5
[Foo,50,7] => Foo:	Quality - 49	SellIn-6
[Foo,50,10] => Foo:	Quality - 49	SellIn-9
[Foo,50,11] => Foo:	Quality - 49	SellIn-10
[Foo,50,12] => Foo:	Quality - 49	SellIn-11
[Foo,50,-2147483648] => Foo:	Quality - 49	SellIn-2147483647
[Foo,50,2147483647] => Foo:	Quality - 49	SellIn-2147483646
[Foo,51,0] => Foo:	Quality - 49	SellIn--1
[Foo,51,-1] => Foo:	Quality - 49	SellIn--2
[Foo,51,1] => Foo:	Quality - 50	SellIn-0
[Foo,51,5] => Foo:	Quality - 50	SellIn-4
[Foo,51,6] => Foo:	Quality - 50	SellIn-5
[Foo,51,7] => Foo:	Quality - 50	SellIn-6
[Foo,51,10] => Foo:	Quality - 50	SellIn-9
[Foo,51,11] => Foo:	Quality - 50	SellIn-10
[Foo,51,12] => Foo:	Quality - 50	SellIn-11
[Foo,51,-2147483648] => Foo:	Quality - 50	SellIn-2147483647
[Foo,51,2147483647] => Foo:	Quality - 50	SellIn-2147483646
[Foo,-2147483648,0] => Foo:	Quality - -2147483648	SellIn--1
[Foo,-2147483648,-1] => Foo:	Quality - -2147483648	SellIn--2
[Foo,-2147483648,1] => Foo:	Quality - -2147483648	SellIn-0
[Foo,-2147483648,5] => Foo:	Quality - -2147483648	SellIn-4
[Foo,-2147483648,6] => Foo:	Quality - -2147483648	SellIn-5
[Foo,-2147483648,7] => Foo:	Quality - -2147483648	SellIn-6
[Foo,-2147483648,10] => Foo:	Quality - -2147483648	SellIn-9
[Foo,-2147483648,11] => Foo:	Quality - -2147483648	SellIn-10
[Foo,-2147483648,12] => Foo:	Quality - -2147483648	SellIn-11
[Foo,-2147483648,-2147483648] => Foo:	Quality - -2147483648	SellIn-2147483647
[Foo,-2147483648,2147483647] => Foo:	Quality - -2147483648	SellIn-2147483646
[Foo,2147483647,0] => Foo:	Quality - 2147483645	SellIn--1
[Foo,2147483647,-1] => Foo:	Quality - 2147483645	SellIn--2
[Foo,2147483647,1] => Foo:	Quality - 2147483646	SellIn-0
[Foo,2147483647,5] => Foo:	Quality - 2147483646	SellIn-4
[Foo,2147483647,6] => Foo:	Quality - 2147483646	SellIn-5
[Foo,2147483647,7] => Foo:	Quality - 2147483646	SellIn-6
[Foo,2147483647,10] => Foo:	Quality - 2147483646	SellIn-9
[Foo,2147483647,11] => Foo:	Quality - 2147483646	SellIn-10
[Foo,2147483647,12] => Foo:	Quality - 2147483646	SellIn-11
[Foo,2147483647,-2147483648] => Foo:	Quality - 2147483646	SellIn-2147483647
[Foo,2147483647,2147483647] => Foo:	Quality - 2147483646	SellIn-2147483646
[Aged Brie,0,0] => Aged Brie:	Quality - 2	SellIn--1
[Aged Brie,0,-1] => Aged Brie:	Quality - 2	SellIn--2
[Aged Brie,0,1] => Aged Brie:	Quality - 1	SellIn-0
[Aged Brie,0,5] => Aged Brie:	Quality - 1	SellIn-4
[Aged Brie,0,6] => Aged Brie:	Quality - 1	SellIn-5
[Aged Brie,0,7] => Aged Brie:	Quality - 1	SellIn-6
[Aged Brie,0,10] => Aged Brie:	Quality - 1	SellIn-9
[Aged Brie,0,11] => Aged Brie:	Quality - 1	SellIn-10
[Aged Brie,0,12] => Aged Brie:	Quality - 1	SellIn-11
[Aged Brie,0,-2147483648] => Aged Brie:	Quality - 1	SellIn-2147483647
[Aged Brie,0,2147483647] => Aged Brie:	Quality - 1	SellIn-2147483646
[Aged Brie,-1,0] => Aged Brie:	Quality - 1	SellIn--1
[Aged Brie,-1,-1] => Aged Brie:	Quality - 1	SellIn--2
[Aged Brie,-1,1] => Aged Brie:	Quality - 0	SellIn-0
[Aged Brie,-1,5] => Aged Brie:	Quality - 0	SellIn-4
[Aged Brie,-1,6] => Aged Brie:	Quality - 0	SellIn-5
[Aged Brie,-1,7] => Aged Brie:	Quality - 0	SellIn-6
[Aged Brie,-1,10] => Aged Brie:	Quality - 0	SellIn-9
[Aged Brie,-1,11] => Aged Brie:	Quality - 0	SellIn-10
[Aged Brie,-1,12] => Aged Brie:	Quality - 0	SellIn-11
[Aged Brie,-1,-2147483648] => Aged Brie:	Quality - 0	SellIn-2147483647
[Aged Brie,-1,2147483647] => Aged Brie:	Quality - 0	SellIn-2147483646
[Aged Brie,1,0] => Aged Brie:	Quality - 3	SellIn--1
[Aged Brie,1,-1] => Aged Brie:	Quality - 3	SellIn--2
[Aged Brie,1,1] => Aged Brie:	Quality - 2	SellIn-0
[Aged Brie,1,5] => Aged Brie:	Quality - 2	SellIn-4
[Aged Brie,1,6] => Aged Brie:	Quality - 2	SellIn-5
[Aged Brie,1,7] => Aged Brie:	Quality - 2	SellIn-6
[Aged Brie,1,10] => Aged Brie:	Quality - 2	SellIn-9
[Aged Brie,1,11] => Aged Brie:	Quality - 2	SellIn-10
[Aged Brie,1,12] => Aged Brie:	Quality - 2	SellIn-11
[Aged Brie,1,-2147483648] => Aged Brie:	Quality - 2	SellIn-2147483647
[Aged Brie,1,2147483647] => Aged Brie:	Quality - 2	SellIn-2147483646
[Aged Brie,49,0] => Aged Brie:	Quality - 50	SellIn--1
[Aged Brie,49,-1] => Aged Brie:	Quality - 50	SellIn--2
[Aged Brie,49,1] => Aged Brie:	Quality - 50	SellIn-0
[Aged Brie,49,5] => Aged Brie:	Quality - 50	SellIn-4
[Aged Brie,49,6] => Aged Brie:	Quality - 50	SellIn-5
[Aged Brie,49,7] => Aged Brie:	Quality - 50	SellIn-6
[Aged Brie,49,10] => Aged Brie:	Quality - 50	SellIn-9
[Aged Brie,49,11] => Aged Brie:	Quality - 50	SellIn-10
[Aged Brie,49,12] => Aged Brie:	Quality - 50	SellIn-11
[Aged Brie,49,-2147483648] => Aged Brie:	Quality - 50	SellIn-2147483647
[Aged Brie,49,2147483647] => Aged Brie:	Quality - 50	SellIn-2147483646
[Aged Brie,50,0] => Aged Brie:	Quality - 50	SellIn--1
[Aged Brie,50,-1] => Aged Brie:	Quality - 50	SellIn--2
[Aged Brie,50,1] => Aged Brie:	Quality - 50	SellIn-0
[Aged Brie,50,5] => Aged Brie:	Quality - 50	SellIn-4
[Aged Brie,50,6] => Aged Brie:	Quality - 50	SellIn-5
[Aged Brie,50,7] => Aged Brie:	Quality - 50	SellIn-6
[Aged Brie,50,10] => Aged Brie:	Quality - 50	SellIn-9
[Aged Brie,50,11] => Aged Brie:	Quality - 50	SellIn-10
[Aged Brie,50,12] => Aged Brie:	Quality - 50	SellIn-11
[Aged Brie,50,-2147483648] => Aged Brie:	Quality - 50	SellIn-2147483647
[Aged Brie,50,2147483647] => Aged Brie:	Quality - 50	SellIn-2147483646
[Aged Brie,51,0] => Aged Brie:	Quality - 51	SellIn--1
[Aged Brie,51,-1] => Aged Brie:	Quality - 51	SellIn--2
[Aged Brie,51,1] => Aged Brie:	Quality - 51	SellIn-0
[Aged Brie,51,5] => Aged Brie:	Quality - 51	SellIn-4
[Aged Brie,51,6] => Aged Brie:	Quality - 51	SellIn-5
[Aged Brie,51,7] => Aged Brie:	Quality - 51	SellIn-6
[Aged Brie,51,10] => Aged Brie:	Quality - 51	SellIn-9
[Aged Brie,51,11] => Aged Brie:	Quality - 51	SellIn-10
[Aged Brie,51,12] => Aged Brie:	Quality - 51	SellIn-11
[Aged Brie,51,-2147483648] => Aged Brie:	Quality - 51	SellIn-2147483647
[Aged Brie,51,2147483647] => Aged Brie:	Quality - 51	SellIn-2147483646
[Aged Brie,-2147483648,0] => Aged Brie:	Quality - -2147483646	SellIn--1
[Aged Brie,-2147483648,-1] => Aged Brie:	Quality - -2147483646	SellIn--2
[Aged Brie,-2147483648,1] => Aged Brie:	Quality - -2147483647	SellIn-0
[Aged Brie,-2147483648,5] => Aged Brie:	Quality - -2147483647	SellIn-4
[Aged Brie,-2147483648,6] => Aged Brie:	Quality - -2147483647	SellIn-5
[Aged Brie,-2147483648,7] => Aged Brie:	Quality - -2147483647	SellIn-6
[Aged Brie,-2147483648,10] => Aged Brie:	Quality - -2147483647	SellIn-9
[Aged Brie,-2147483648,11] => Aged Brie:	Quality - -2147483647	SellIn-10
[Aged Brie,-2147483648,12] => Aged Brie:	Quality - -2147483647	SellIn-11
[Aged Brie,-2147483648,-2147483648] => Aged Brie:	Quality - -2147483647	SellIn-2147483647
[Aged Brie,-2147483648,2147483647] => Aged Brie:	Quality - -2147483647	SellIn-2147483646
[Aged Brie,2147483647,0] => Aged Brie:	Quality - 2147483647	SellIn--1
[Aged Brie,2147483647,-1] => Aged Brie:	Quality - 2147483647	SellIn--2
[Aged Brie,2147483647,1] => Aged Brie:	Quality - 2147483647	SellIn-0
[Aged Brie,2147483647,5] => Aged Brie:	Quality - 2147483647	SellIn-4
[Aged Brie,2147483647,6] => Aged Brie:	Quality - 2147483647	SellIn-5
[Aged Brie,2147483647,7] => Aged Brie:	Quality - 2147483647	SellIn-6
[Aged Brie,2147483647,10] => Aged Brie:	Quality - 2147483647	SellIn-9
[Aged Brie,2147483647,11] => Aged Brie:	Quality - 2147483647	SellIn-10
[Aged Brie,2147483647,12] => Aged Brie:	Quality - 2147483647	SellIn-11
[Aged Brie,2147483647,-2147483648] => Aged Brie:	Quality - 2147483647	SellIn-2147483647
[Aged Brie,2147483647,2147483647] => Aged Brie:	Quality - 2147483647	SellIn-2147483646
[Backstage passes to a TAFKAL80ETC concert,0,0] => Backstage passes to a TAFKAL80ETC concert:	Quality - 0	SellIn--1
[Backstage passes to a TAFKAL80ETC concert,0,-1] => Backstage passes to a TAFKAL80ETC concert:	Quality - 0	SellIn--2
[Backstage passes to a TAFKAL80ETC concert,0,1] => Backstage passes to a TAFKAL80ETC concert:	Quality - 3	SellIn-0
[Backstage passes to a TAFKAL80ETC concert,0,5] => Backstage passes to a TAFKAL80ETC concert:	Quality - 3	SellIn-4
[Backstage passes to a TAFKAL80ETC concert,0,6] => Backstage passes to a TAFKAL80ETC concert:	Quality - 2	SellIn-5
[Backstage passes to a TAFKAL80ETC concert,0,7] => Backstage passes to a TAFKAL80ETC concert:	Quality - 2	SellIn-6
[Backstage passes to a TAFKAL80ETC concert,0,10] => Backstage passes to a TAFKAL80ETC concert:	Quality - 2	SellIn-9
[Backstage passes to a TAFKAL80ETC concert,0,11] => Backstage passes to a TAFKAL80ETC concert:	Quality - 1	SellIn-10
[Backstage passes to a TAFKAL80ETC concert,0,12] => Backstage passes to a TAFKAL80ETC concert:	Quality - 1	SellIn-11
[Backstage passes to a TAFKAL80ETC concert,0,-2147483648] => Backstage passes to a TAFKAL80ETC concert:	Quality - 3	SellIn-2147483647
[Backstage passes to a TAFKAL80ETC concert,0,2147483647] => Backstage passes to a TAFKAL80ETC concert:	Quality - 1	SellIn-2147483646
[Backstage passes to a TAFKAL80ETC concert,-1,0] => Backstage passes to a TAFKAL80ETC concert:	Quality - 0	SellIn--1
[Backstage passes to a TAFKAL80ETC concert,-1,-1] => Backstage passes to a TAFKAL80ETC concert:	Quality - 0	SellIn--2
[Backstage passes to a TAFKAL80ETC concert,-1,1] => Backstage passes to a TAFKAL80ETC concert:	Quality - 2	SellIn-0
[Backstage passes to a TAFKAL80ETC concert,-1,5] => Backstage passes to a TAFKAL80ETC concert:	Quality - 2	SellIn-4
[Backstage passes to a TAFKAL80ETC concert,-1,6] => Backstage passes to a TAFKAL80ETC concert:	Quality - 1	SellIn-5
[Backstage passes to a TAFKAL80ETC concert,-1,7] => Backstage passes to a TAFKAL80ETC concert:	Quality - 1	SellIn-6
[Backstage passes to a TAFKAL80ETC concert,-1,10] => Backstage passes to a TAFKAL80ETC concert:	Quality - 1	SellIn-9
[Backstage passes to a TAFKAL80ETC concert,-1,11] => Backstage passes to a TAFKAL80ETC concert:	Quality - 0	SellIn-10
[Backstage passes to a TAFKAL80ETC concert,-1,12] => Backstage passes to a TAFKAL80ETC concert:	Quality - 0	SellIn-11
[Backstage passes to a TAFKAL80ETC concert,-1,-2147483648] => Backstage passes to a TAFKAL80ETC concert:	Quality - 2	SellIn-2147483647
[Backstage passes to a TAFKAL80ETC concert,-1,2147483647] => Backstage passes to a TAFKAL80ETC concert:	Quality - 0	SellIn-2147483646
[Backstage passes to a TAFKAL80ETC concert,1,0] => Backstage passes to a TAFKAL80ETC concert:	Quality - 0	SellIn--1
[Backstage passes to a TAFKAL80ETC concert,1,-1] => Backstage passes to a TAFKAL80ETC concert:	Quality - 0	SellIn--2
[Backstage passes to a TAFKAL80ETC concert,1,1] => Backstage passes to a TAFKAL80ETC concert:	Quality - 4	SellIn-0
[Backstage passes to a TAFKAL80ETC concert,1,5] => Backstage passes to a TAFKAL80ETC concert:	Quality - 4	SellIn-4
[Backstage passes to a TAFKAL80ETC concert,1,6] => Backstage passes to a TAFKAL80ETC concert:	Quality - 3	SellIn-5
[Backstage passes to a TAFKAL80ETC concert,1,7] => Backstage passes to a TAFKAL80ETC concert:	Quality - 3	SellIn-6
[Backstage passes to a TAFKAL80ETC concert,1,10] => Backstage passes to a TAFKAL80ETC concert:	Quality - 3	SellIn-9
[Backstage passes to a TAFKAL80ETC concert,1,11] => Backstage passes to a TAFKAL80ETC concert:	Quality - 2	SellIn-10
[Backstage passes to a TAFKAL80ETC concert,1,12] => Backstage passes to a TAFKAL80ETC concert:	Quality - 2	SellIn-11
[Backstage passes to a TAFKAL80ETC concert,1,-2147483648] => Backstage passes to a TAFKAL80ETC concert:	Quality - 4	SellIn-2147483647
[Backstage passes to a TAFKAL80ETC concert,1,2147483647] => Backstage passes to a TAFKAL80ETC concert:	Quality - 2	SellIn-2147483646
[Backstage passes to a TAFKAL80ETC concert,49,0] => Backstage passes to a TAFKAL80ETC concert:	Quality - 0	SellIn--1
[Backstage passes to a TAFKAL80ETC concert,49,-1] => Backstage passes to a TAFKAL80ETC concert:	Quality - 0	SellIn--2
[Backstage passes to a TAFKAL80ETC concert,49,1] => Backstage passes to a TAFKAL80ETC concert:	Quality - 50	SellIn-0
[Backstage passes to a TAFKAL80ETC concert,49,5] => Backstage passes to a TAFKAL80ETC concert:	Quality - 50	SellIn-4
[Backstage passes to a TAFKAL80ETC concert,49,6] => Backstage passes to a TAFKAL80ETC concert:	Quality - 50	SellIn-5
[Backstage passes to a TAFKAL80ETC concert,49,7] => Backstage passes to a TAFKAL80ETC concert:	Quality - 50	SellIn-6
[Backstage passes to a TAFKAL80ETC concert,49,10] => Backstage passes to a TAFKAL80ETC concert:	Quality - 50	SellIn-9
[Backstage passes to a TAFKAL80ETC concert,49,11] => Backstage passes to a TAFKAL80ETC concert:	Quality - 50	SellIn-10
[Backstage passes to a TAFKAL80ETC concert,49,12] => Backstage passes to a TAFKAL80ETC concert:	Quality - 50	SellIn-11
[Backstage passes to a TAFKAL80ETC concert,49,-2147483648] => Backstage passes to a TAFKAL80ETC concert:	Quality - 50	SellIn-2147483647
[Backstage passes to a TAFKAL80ETC concert,49,2147483647] => Backstage passes to a TAFKAL80ETC concert:	Quality - 50	SellIn-2147483646
[Backstage passes to a TAFKAL80ETC concert,50,0] => Backstage passes to a TAFKAL80ETC concert:	Quality - 0	SellIn--1
[Backstage passes to a TAFKAL80ETC concert,50,-1] => Backstage passes to a TAFKAL80ETC concert:	Quality - 0	SellIn--2
[Backstage passes to a TAFKAL80ETC concert,50,1] => Backstage passes to a TAFKAL80ETC concert:	Quality - 50	SellIn-0
[Backstage passes to a TAFKAL80ETC concert,50,5] => Backstage passes to a TAFKAL80ETC concert:	Quality - 50	SellIn-4
[Backstage passes to a TAFKAL80ETC concert,50,6] => Backstage passes to a TAFKAL80ETC concert:	Quality - 50	SellIn-5
[Backstage passes to a TAFKAL80ETC concert,50,7] => Backstage passes to a TAFKAL80ETC concert:	Quality - 50	SellIn-6
[Backstage passes to a TAFKAL80ETC concert,50,10] => Backstage passes to a TAFKAL80ETC concert:	Quality - 50	SellIn-9
[Backstage passes to a TAFKAL80ETC concert,50,11] => Backstage passes to a TAFKAL80ETC concert:	Quality - 50	SellIn-10
[Backstage passes to a TAFKAL80ETC concert,50,12] => Backstage passes to a TAFKAL80ETC concert:	Quality - 50	SellIn-11
[Backstage passes to a TAFKAL80ETC concert,50,-2147483648] => Backstage passes to a TAFKAL80ETC concert:	Quality - 50	SellIn-2147483647
[Backstage passes to a TAFKAL80ETC concert,50,2147483647] => Backstage passes to a TAFKAL80ETC concert:	Quality - 50	SellIn-2147483646
[Backstage passes to a TAFKAL80ETC concert,51,0] => Backstage passes to a TAFKAL80ETC concert:	Quality - 0	SellIn--1
[Backstage passes to a TAFKAL80ETC concert,51,-1] => Backstage passes to a TAFKAL80ETC concert:	Quality - 0	SellIn--2
[Backstage passes to a TAFKAL80ETC concert,51,1] => Backstage passes to a TAFKAL80ETC concert:	Quality - 51	SellIn-0
[Backstage passes to a TAFKAL80ETC concert,51,5] => Backstage passes to a TAFKAL80ETC concert:	Quality - 51	SellIn-4
[Backstage passes to a TAFKAL80ETC concert,51,6] => Backstage passes to a TAFKAL80ETC concert:	Quality - 51	SellIn-5
[Backstage passes to a TAFKAL80ETC concert,51,7] => Backstage passes to a TAFKAL80ETC concert:	Quality - 51	SellIn-6
[Backstage passes to a TAFKAL80ETC concert,51,10] => Backstage passes to a TAFKAL80ETC concert:	Quality - 51	SellIn-9
[Backstage passes to a TAFKAL80ETC concert,51,11] => Backstage passes to a TAFKAL80ETC concert:	Quality - 51	SellIn-10
[Backstage passes to a TAFKAL80ETC concert,51,12] => Backstage passes to a TAFKAL80ETC concert:	Quality - 51	SellIn-11
[Backstage passes to a TAFKAL80ETC concert,51,-2147483648] => Backstage passes to a TAFKAL80ETC concert:	Quality - 51	SellIn-2147483647
[Backstage passes to a TAFKAL80ETC concert,51,2147483647] => Backstage passes to a TAFKAL80ETC concert:	Quality - 51	SellIn-2147483646
[Backstage passes to a TAFKAL80ETC concert,-2147483648,0] => Backstage passes to a TAFKAL80ETC concert:	Quality - 0	SellIn--1
[Backstage passes to a TAFKAL80ETC concert,-2147483648,-1] => Backstage passes to a TAFKAL80ETC concert:	Quality - 0	SellIn--2
[Backstage passes to a TAFKAL80ETC concert,-2147483648,1] => Backstage passes to a TAFKAL80ETC concert:	Quality - -2147483645	SellIn-0
[Backstage passes to a TAFKAL80ETC concert,-2147483648,5] => Backstage passes to a TAFKAL80ETC concert:	Quality - -2147483645	SellIn-4
[Backstage passes to a TAFKAL80ETC concert,-2147483648,6] => Backstage passes to a TAFKAL80ETC concert:	Quality - -2147483646	SellIn-5
[Backstage passes to a TAFKAL80ETC concert,-2147483648,7] => Backstage passes to a TAFKAL80ETC concert:	Quality - -2147483646	SellIn-6
[Backstage passes to a TAFKAL80ETC concert,-2147483648,10] => Backstage passes to a TAFKAL80ETC concert:	Quality - -2147483646	SellIn-9
[Backstage passes to a TAFKAL80ETC concert,-2147483648,11] => Backstage passes to a TAFKAL80ETC concert:	Quality - -2147483647	SellIn-10
[Backstage passes to a TAFKAL80ETC concert,-2147483648,12] => Backstage passes to a TAFKAL80ETC concert:	Quality - -2147483647	SellIn-11
[Backstage passes to a TAFKAL80ETC concert,-2147483648,-2147483648] => Backstage passes to a TAFKAL80ETC concert:	Quality - -2147483645	SellIn-2147483647
[Backstage passes to a TAFKAL80ETC concert,-2147483648,2147483647] => Backstage passes to a TAFKAL80ETC concert:	Quality - -2147483647	SellIn-2147483646
[Backstage passes to a TAFKAL80ETC concert,2147483647,0] => Backstage passes to a TAFKAL80ETC concert:	Quality - 0	SellIn--1
[Backstage passes to a TAFKAL80ETC concert,2147483647,-1] => Backstage passes to a TAFKAL80ETC concert:	Quality - 0	SellIn--2
[Backstage passes to a TAFKAL80ETC concert,2147483647,1] => Backstage passes to a TAFKAL80ETC concert:	Quality - 2147483647	SellIn-0
[Backstage passes to a TAFKAL80ETC concert,2147483647,5] => Backstage passes to a TAFKAL80ETC concert:	Quality - 2147483647	SellIn-4
[Backstage passes to a TAFKAL80ETC concert,2147483647,6] => Backstage passes to a TAFKAL80ETC concert:	Quality - 2147483647	SellIn-5
[Backstage passes to a TAFKAL80ETC concert,2147483647,7] => Backstage passes to a TAFKAL80ETC concert:	Quality - 2147483647	SellIn-6
[Backstage passes to a TAFKAL80ETC concert,2147483647,10] => Backstage passes to a TAFKAL80ETC concert:	Quality - 2147483647	SellIn-9
[Backstage passes to a TAFKAL80ETC concert,2147483647,11] => Backstage passes to a TAFKAL80ETC concert:	Quality - 2147483647	SellIn-10
[Backstage passes to a TAFKAL80ETC concert,2147483647,12] => Backstage passes to a TAFKAL80ETC concert:	Quality - 2147483647	SellIn-11
[Backstage passes to a TAFKAL80ETC concert,2147483647,-2147483648] => Backstage passes to a TAFKAL80ETC concert:	Quality - 2147483647	SellIn-2147483647
[Backstage passes to a TAFKAL80ETC concert,2147483647,2147483647] => Backstage passes to a TAFKAL80ETC concert:	Quality - 2147483647	SellIn-2147483646
[Sulfuras, Hand of Ragnaros,0,0] => Sulfuras, Hand of Ragnaros:	Quality - 0	SellIn-0
[Sulfuras, Hand of Ragnaros,0,-1] => Sulfuras, Hand of Ragnaros:	Quality - 0	SellIn--1
[Sulfuras, Hand of Ragnaros,0,1] => Sulfuras, Hand of Ragnaros:	Quality - 0	SellIn-1
[Sulfuras, Hand of Ragnaros,0,5] => Sulfuras, Hand of Ragnaros:	Quality - 0	SellIn-5
[Sulfuras, Hand of Ragnaros,0,6] => Sulfuras, Hand of Ragnaros:	Quality - 0	SellIn-6
[Sulfuras, Hand of Ragnaros,0,7] => Sulfuras, Hand of Ragnaros:	Quality - 0	SellIn-7
[Sulfuras, Hand of Ragnaros,0,10] => Sulfuras, Hand of Ragnaros:	Quality - 0	SellIn-10
[Sulfuras, Hand of Ragnaros,0,11] => Sulfuras, Hand of Ragnaros:	Quality - 0	SellIn-11
[Sulfuras, Hand of Ragnaros,0,12] => Sulfuras, Hand of Ragnaros:	Quality - 0	SellIn-12
[Sulfuras, Hand of Ragnaros,0,-2147483648] => Sulfuras, Hand of Ragnaros:	Quality - 0	SellIn--2147483648
[Sulfuras, Hand of Ragnaros,0,2147483647] => Sulfuras, Hand of Ragnaros:	Quality - 0	SellIn-2147483647
[Sulfuras, Hand of Ragnaros,-1,0] => Sulfuras, Hand of Ragnaros:	Quality - -1	SellIn-0
[Sulfuras, Hand of Ragnaros,-1,-1] => Sulfuras, Hand of Ragnaros:	Quality - -1	SellIn--1
[Sulfuras, Hand of Ragnaros,-1,1] => Sulfuras, Hand of Ragnaros:	Quality - -1	SellIn-1
[Sulfuras, Hand of Ragnaros,-1,5] => Sulfuras, Hand of Ragnaros:	Quality - -1	SellIn-5
[Sulfuras, Hand of Ragnaros,-1,6] => Sulfuras, Hand of Ragnaros:	Quality - -1	SellIn-6
[Sulfuras, Hand of Ragnaros,-1,7] => Sulfuras, Hand of Ragnaros:	Quality - -1	SellIn-7
[Sulfuras, Hand of Ragnaros,-1,10] => Sulfuras, Hand of Ragnaros:	Quality - -1	SellIn-10
[Sulfuras, Hand of Ragnaros,-1,11] => Sulfuras, Hand of Ragnaros:	Quality - -1	SellIn-11
[Sulfuras, Hand of Ragnaros,-1,12] => Sulfuras, Hand of Ragnaros:	Quality - -1	SellIn-12
[Sulfuras, Hand of Ragnaros,-1,-2147483648] => Sulfuras, Hand of Ragnaros:	Quality - -1	SellIn--2147483648
[Sulfuras, Hand of Ragnaros,-1,2147483647] => Sulfuras, Hand of Ragnaros:	Quality - -1	SellIn-2147483647
[Sulfuras, Hand of Ragnaros,1,0] => Sulfuras, Hand of Ragnaros:	Quality - 1	SellIn-0
[Sulfuras, Hand of Ragnaros,1,-1] => Sulfuras, Hand of Ragnaros:	Quality - 1	SellIn--1
[Sulfuras, Hand of Ragnaros,1,1] => Sulfuras, Hand of Ragnaros:	Quality - 1	SellIn-1
[Sulfuras, Hand of Ragnaros,1,5] => Sulfuras, Hand of Ragnaros:	Quality - 1	SellIn-5
[Sulfuras, Hand of Ragnaros,1,6] => Sulfuras, Hand of Ragnaros:	Quality - 1	SellIn-6
[Sulfuras, Hand of Ragnaros,1,7] => Sulfuras, Hand of Ragnaros:	Quality - 1	SellIn-7
[Sulfuras, Hand of Ragnaros,1,10] => Sulfuras, Hand of Ragnaros:	Quality - 1	SellIn-10
[Sulfuras, Hand of Ragnaros,1,11] => Sulfuras, Hand of Ragnaros:	Quality - 1	SellIn-11
[Sulfuras, Hand of Ragnaros,1,12] => Sulfuras, Hand of Ragnaros:	Quality - 1	SellIn-12
[Sulfuras, Hand of Ragnaros,1,-2147483648] => Sulfuras, Hand of Ragnaros:	Quality - 1	SellIn--2147483648
[Sulfuras, Hand of Ragnaros,1,2147483647] => Sulfuras, Hand of Ragnaros:	Quality - 1	SellIn-2147483647
[Sulfuras, Hand of Ragnaros,49,0] => Sulfuras, Hand of Ragnaros:	Quality - 49	SellIn-0
[Sulfuras, Hand of Ragnaros,49,-1] => Sulfuras, Hand of Ragnaros:	Quality - 49	SellIn--1
[Sulfuras, Hand of Ragnaros,49,1] => Sulfuras, Hand of Ragnaros:	Quality - 49	SellIn-1
[Sulfuras, Hand of Ragnaros,49,5] => Sulfuras, Hand of Ragnaros:	Quality - 49	SellIn-5
[Sulfuras, Hand of Ragnaros,49,6] => Sulfuras, Hand of Ragnaros:	Quality - 49	SellIn-6
[Sulfuras, Hand of Ragnaros,49,7] => Sulfuras, Hand of Ragnaros:	Quality - 49	SellIn-7
[Sulfuras, Hand of Ragnaros,49,10] => Sulfuras, Hand of Ragnaros:	Quality - 49	SellIn-10
[Sulfuras, Hand of Ragnaros,49,11] => Sulfuras, Hand of Ragnaros:	Quality - 49	SellIn-11
[Sulfuras, Hand of Ragnaros,49,12] => Sulfuras, Hand of Ragnaros:	Quality - 49	SellIn-12
[Sulfuras, Hand of Ragnaros,49,-2147483648] => Sulfuras, Hand of Ragnaros:	Quality - 49	SellIn--2147483648
[Sulfuras, Hand of Ragnaros,49,2147483647] => Sulfuras, Hand of Ragnaros:	Quality - 49	SellIn-2147483647
[Sulfuras, Hand of Ragnaros,50,0] => Sulfuras, Hand of Ragnaros:	Quality - 50	SellIn-0
[Sulfuras, Hand of Ragnaros,50,-1] => Sulfuras, Hand of Ragnaros:	Quality - 50	SellIn--1
[Sulfuras, Hand of Ragnaros,50,1] => Sulfuras, Hand of Ragnaros:	Quality - 50	SellIn-1
[Sulfuras, Hand of Ragnaros,50,5] => Sulfuras, Hand of Ragnaros:	Quality - 50	SellIn-5
[Sulfuras, Hand of Ragnaros,50,6] => Sulfuras, Hand of Ragnaros:	Quality - 50	SellIn-6
[Sulfuras, Hand of Ragnaros,50,7] => Sulfuras, Hand of Ragnaros:	Quality - 50	SellIn-7
[Sulfuras, Hand of Ragnaros,50,10] => Sulfuras, Hand of Ragnaros:	Quality - 50	SellIn-10
[Sulfuras, Hand of Ragnaros,50,11] => Sulfuras, Hand of Ragnaros:	Quality - 50	SellIn-11
[Sulfuras, Hand of Ragnaros,50,12] => Sulfuras, Hand of Ragnaros:	Quality - 50	SellIn-12
[Sulfuras, Hand of Ragnaros,50,-2147483648] => Sulfuras, Hand of Ragnaros:	Quality - 50	SellIn--2147483648
[Sulfuras, Hand of Ragnaros,50,2147483647] => Sulfuras, Hand of Ragnaros:	Quality - 50	SellIn-2147483647
[Sulfuras, Hand of Ragnaros,51,0] => Sulfuras, Hand of Ragnaros:	Quality - 51	SellIn-0
[Sulfuras, Hand of Ragnaros,51,-1] => Sulfuras, Hand of Ragnaros:	Quality - 51	SellIn--1
[Sulfuras, Hand of Ragnaros,51,1] => Sulfuras, Hand of Ragnaros:	Quality - 51	SellIn-1
[Sulfuras, Hand of Ragnaros,51,5] => Sulfuras, Hand of Ragnaros:	Quality - 51	SellIn-5
[Sulfuras, Hand of Ragnaros,51,6] => Sulfuras, Hand of Ragnaros:	Quality - 51	SellIn-6
[Sulfuras, Hand of Ragnaros,51,7] => Sulfuras, Hand of Ragnaros:	Quality - 51	SellIn-7
[Sulfuras, Hand of Ragnaros,51,10] => Sulfuras, Hand of Ragnaros:	Quality - 51	SellIn-10
[Sulfuras, Hand of Ragnaros,51,11] => Sulfuras, Hand of Ragnaros:	Quality - 51	SellIn-11
[Sulfuras, Hand of Ragnaros,51,12] => Sulfuras, Hand of Ragnaros:	Quality - 51	SellIn-12
[Sulfuras, Hand of Ragnaros,51,-2147483648] => Sulfuras, Hand of Ragnaros:	Quality - 51	SellIn--2147483648
[Sulfuras, Hand of Ragnaros,51,2147483647] => Sulfuras, Hand of Ragnaros:	Quality - 51	SellIn-2147483647
[Sulfuras, Hand of Ragnaros,-2147483648,0] => Sulfuras, Hand of Ragnaros:	Quality - -2147483648	SellIn-0
[Sulfuras, Hand of Ragnaros,-2147483648,-1] => Sulfuras, Hand of Ragnaros:	Quality - -2147483648	SellIn--1
[Sulfuras, Hand of Ragnaros,-2147483648,1] => Sulfuras, Hand of Ragnaros:	Quality - -2147483648	SellIn-1
[Sulfuras, Hand of Ragnaros,-2147483648,5] => Sulfuras, Hand of Ragnaros:	Quality - -2147483648	SellIn-5
[Sulfuras, Hand of Ragnaros,-2147483648,6] => Sulfuras, Hand of Ragnaros:	Quality - -2147483648	SellIn-6
[Sulfuras, Hand of Ragnaros,-2147483648,7] => Sulfuras, Hand of Ragnaros:	Quality - -2147483648	SellIn-7
[Sulfuras, Hand of Ragnaros,-2147483648,10] => Sulfuras, Hand of Ragnaros:	Quality - -2147483648	SellIn-10
[Sulfuras, Hand of Ragnaros,-2147483648,11] => Sulfuras, Hand of Ragnaros:	Quality - -2147483648	SellIn-11
[Sulfuras, Hand of Ragnaros,-2147483648,12] => Sulfuras, Hand of Ragnaros:	Quality - -2147483648	SellIn-12
[Sulfuras, Hand of Ragnaros,-2147483648,-2147483648] => Sulfuras, Hand of Ragnaros:	Quality - -2147483648	SellIn--2147483648
[Sulfuras, Hand of Ragnaros,-2147483648,2147483647] => Sulfuras, Hand of Ragnaros:	Quality - -2147483648	SellIn-2147483647
[Sulfuras, Hand of Ragnaros,2147483647,0] => Sulfuras, Hand of Ragnaros:	Quality - 2147483647	SellIn-0
[Sulfuras, Hand of Ragnaros,2147483647,-1] => Sulfuras, Hand of Ragnaros:	Quality - 2147483647	SellIn--1
[Sulfuras, Hand of Ragnaros,2147483647,1] => Sulfuras, Hand of Ragnaros:	Quality - 2147483647	SellIn-1
[Sulfuras, Hand of Ragnaros,2147483647,5] => Sulfuras, Hand of Ragnaros:	Quality - 2147483647	SellIn-5
[Sulfuras, Hand of Ragnaros,2147483647,6] => Sulfuras, Hand of Ragnaros:	Quality - 2147483647	SellIn-6
[Sulfuras, Hand of Ragnaros,2147483647,7] => Sulfuras, Hand of Ragnaros:	Quality - 2147483647	SellIn-7
[Sulfuras, Hand of Ragnaros,2147483647,10] => Sulfuras, Hand of Ragnaros:	Quality - 2147483647	SellIn-10
[Sulfuras, Hand of Ragnaros,2147483647,11] => Sulfuras, Hand of Ragnaros:	Quality - 2147483647	SellIn-11
[Sulfuras, Hand of Ragnaros,2147483647,12] => Sulfuras, Hand of Ragnaros:	Quality - 2147483647	SellIn-12
[Sulfuras, Hand of Ragnaros,2147483647,-2147483648] => Sulfuras, Hand of Ragnaros:	Quality - 2147483647	SellIn--2147483648
[Sulfuras, Hand of Ragnaros,2147483647,2147483647] => Sulfuras, Hand of Ragnaros:	Quality - 2147483647	SellIn-2147483647
[,0,0] => :	Quality - 0	SellIn--1
[,0,-1] => :	Quality - 0	SellIn--2
[,0,1] => :	Quality - 0	SellIn-0
[,0,5] => :	Quality - 0	SellIn-4
[,0,6] => :	Quality - 0	SellIn-5
[,0,7] => :	Quality - 0	SellIn-6
[,0,10] => :	Quality - 0	SellIn-9
[,0,11] => :	Quality - 0	SellIn-10
[,0,12] => :	Quality - 0	SellIn-11
[,0,-2147483648] => :	Quality - 0	SellIn-2147483647
[,0,2147483647] => :	Quality - 0	SellIn-2147483646
[,-1,0] => :	Quality - -1	SellIn--1
[,-1,-1] => :	Quality - -1	SellIn--2
[,-1,1] => :	Quality - -1	SellIn-0
[,-1,5] => :	Quality - -1	SellIn-4
[,-1,6] => :	Quality - -1	SellIn-5
[,-1,7] => :	Quality - -1	SellIn-6
[,-1,10] => :	Quality - -1	SellIn-9
[,-1,11] => :	Quality - -1	SellIn-10
[,-1,12] => :	Quality - -1	SellIn-11
[,-1,-2147483648] => :	Quality - -1	SellIn-2147483647
[,-1,2147483647] => :	Quality - -1	SellIn-2147483646
[,1,0] => :	Quality - 0	SellIn--1
[,1,-1] => :	Quality - 0	SellIn--2
[,1,1] => :	Quality - 0	SellIn-0
[,1,5] => :	Quality - 0	SellIn-4
[,1,6] => :	Quality - 0	SellIn-5
[,1,7] => :	Quality - 0	SellIn-6
[,1,10] => :	Quality - 0	SellIn-9
[,1,11] => :	Quality - 0	SellIn-10
[,1,12] => :	Quality - 0	SellIn-11
[,1,-2147483648] => :	Quality - 0	SellIn-2147483647
[,1,2147483647] => :	Quality - 0	SellIn-2147483646
[,49,0] => :	Quality - 47	SellIn--1
[,49,-1] => :	Quality - 47	SellIn--2
[,49,1] => :	Quality - 48	SellIn-0
[,49,5] => :	Quality - 48	SellIn-4
[,49,6] => :	Quality - 48	SellIn-5
[,49,7] => :	Quality - 48	SellIn-6
[,49,10] => :	Quality - 48	SellIn-9
[,49,11] => :	Quality - 48	SellIn-10
[,49,12] => :	Quality - 48	SellIn-11
[,49,-2147483648] => :	Quality - 48	SellIn-2147483647
[,49,2147483647] => :	Quality - 48	SellIn-2147483646
[,50,0] => :	Quality - 48	SellIn--1
[,50,-1] => :	Quality - 48	SellIn--2
[,50,1] => :	Quality - 49	SellIn-0
[,50,5] => :	Quality - 49	SellIn-4
[,50,6] => :	Quality - 49	SellIn-5
[,50,7] => :	Quality - 49	SellIn-6
[,50,10] => :	Quality - 49	SellIn-9
[,50,11] => :	Quality - 49	SellIn-10
[,50,12] => :	Quality - 49	SellIn-11
[,50,-2147483648] => :	Quality - 49	SellIn-2147483647
[,50,2147483647] => :	Quality - 49	SellIn-2147483646
[,51,0] => :	Quality - 49	SellIn--1
[,51,-1] => :	Quality - 49	SellIn--2
[,51,1] => :	Quality - 50	SellIn-0
[,51,5] => :	Quality - 50	SellIn-4
[,51,6] => :	Quality - 50	SellIn-5
[,51,7] => :	Quality - 50	SellIn-6
[,51,10] => :	Quality - 50	SellIn-9
[,51,11] => :	Quality - 50	SellIn-10
[,51,12] => :	Quality - 50	SellIn-11
[,51,-2147483648] => :	Quality - 50	SellIn-2147483647
[,51,2147483647] => :	Quality - 50	SellIn-2147483646
[,-2147483648,0] => :	Quality - -2147483648	SellIn--1
[,-2147483648,-1] => :	Quality - -2147483648	SellIn--2
[,-2147483648,1] => :	Quality - -2147483648	SellIn-0
[,-2147483648,5] => :	Quality - -2147483648	SellIn-4
[,-2147483648,6] => :	Quality - -2147483648	SellIn-5
[,-2147483648,7] => :	Quality - -2147483648	SellIn-6
[,-2147483648,10] => :	Quality - -2147483648	SellIn-9
[,-2147483648,11] => :	Quality - -2147483648	SellIn-10
[,-2147483648,12] => :	Quality - -2147483648	SellIn-11
[,-2147483648,-2147483648] => :	Quality - -2147483648	SellIn-2147483647
[,-2147483648,2147483647] => :	Quality - -2147483648	SellIn-2147483646
[,2147483647,0] => :	Quality - 2147483645	SellIn--1
[,2147483647,-1] => :	Quality - 2147483645	SellIn--2
[,2147483647,1] => :	Quality - 2147483646	SellIn-0
[,2147483647,5] => :	Quality - 2147483646	SellIn-4
[,2147483647,6] => :	Quality - 2147483646	SellIn-5
[,2147483647,7] => :	Quality - 2147483646	SellIn-6
[,2147483647,10] => :	Quality - 2147483646	SellIn-9
[,2147483647,11] => :	Quality - 2147483646	SellIn-10
[,2147483647,12] => :	Quality - 2147483646	SellIn-11
[,2147483647,-2147483648] => :	Quality - 2147483646	SellIn-2147483647
[,2147483647,2147483647] => :	Quality - 2147483646	SellIn-2147483646
